Archive member included because of file (symbol)

d:/embedded course/sdk/imt_sdk_win_64/winavr/bin/../lib/gcc/avr/4.3.3/avr5\libgcc.a(_udivmodhi4.o)
                              ./OS/OS_Program.o (__udivmodhi4)
d:/embedded course/sdk/imt_sdk_win_64/winavr/bin/../lib/gcc/avr/4.3.3/avr5\libgcc.a(_divmodhi4.o)
                              ./MCAL/Timer/MTMR_Program.o (__divmodhi4)
d:/embedded course/sdk/imt_sdk_win_64/winavr/bin/../lib/gcc/avr/4.3.3/avr5\libgcc.a(_exit.o)
                              d:/embedded course/sdk/imt_sdk_win_64/winavr/bin/../lib/gcc/avr/4.3.3/../../../../avr/lib/avr5/crtm32.o (exit)
d:/embedded course/sdk/imt_sdk_win_64/winavr/bin/../lib/gcc/avr/4.3.3/avr5\libgcc.a(_copy_data.o)
                              ./OS/OS_Program.o (__do_copy_data)
d:/embedded course/sdk/imt_sdk_win_64/winavr/bin/../lib/gcc/avr/4.3.3/avr5\libgcc.a(_clear_bss.o)
                              ./OS/OS_Program.o (__do_clear_bss)

Allocating common symbols
Common symbol       size              file

Tasks               0x2c              ./OS/OS_Program.o

Memory Configuration

Name             Origin             Length             Attributes
text             0x00000000         0x00020000         xr
data             0x00800060         0x0000ffa0         rw !x
eeprom           0x00810000         0x00010000         rw !x
fuse             0x00820000         0x00000400         rw !x
lock             0x00830000         0x00000400         rw !x
signature        0x00840000         0x00000400         rw !x
*default*        0x00000000         0xffffffff

Linker script and memory map

LOAD d:/embedded course/sdk/imt_sdk_win_64/winavr/bin/../lib/gcc/avr/4.3.3/../../../../avr/lib/avr5/crtm32.o
LOAD ./OS/OS_Program.o
LOAD ./MCAL/Timer/MTMR_Program.o
LOAD ./MCAL/General Interrupts/MGIE_Program.o
LOAD ./MCAL/DIO/MDIO_Program.o
LOAD ./main.o
LOAD d:/embedded course/sdk/imt_sdk_win_64/winavr/bin/../lib/gcc/avr/4.3.3/avr5\libgcc.a
LOAD d:/embedded course/sdk/imt_sdk_win_64/winavr/bin/../lib/gcc/avr/4.3.3/../../../../avr/lib/avr5\libc.a
LOAD d:/embedded course/sdk/imt_sdk_win_64/winavr/bin/../lib/gcc/avr/4.3.3/avr5\libgcc.a

.hash
 *(.hash)

.dynsym
 *(.dynsym)

.dynstr
 *(.dynstr)

.gnu.version
 *(.gnu.version)

.gnu.version_d
 *(.gnu.version_d)

.gnu.version_r
 *(.gnu.version_r)

.rel.init
 *(.rel.init)

.rela.init
 *(.rela.init)

.rel.text
 *(.rel.text)
 *(.rel.text.*)
 *(.rel.gnu.linkonce.t*)

.rela.text
 *(.rela.text)
 *(.rela.text.*)
 *(.rela.gnu.linkonce.t*)

.rel.fini
 *(.rel.fini)

.rela.fini
 *(.rela.fini)

.rel.rodata
 *(.rel.rodata)
 *(.rel.rodata.*)
 *(.rel.gnu.linkonce.r*)

.rela.rodata
 *(.rela.rodata)
 *(.rela.rodata.*)
 *(.rela.gnu.linkonce.r*)

.rel.data
 *(.rel.data)
 *(.rel.data.*)
 *(.rel.gnu.linkonce.d*)

.rela.data
 *(.rela.data)
 *(.rela.data.*)
 *(.rela.gnu.linkonce.d*)

.rel.ctors
 *(.rel.ctors)

.rela.ctors
 *(.rela.ctors)

.rel.dtors
 *(.rel.dtors)

.rela.dtors
 *(.rela.dtors)

.rel.got
 *(.rel.got)

.rela.got
 *(.rela.got)

.rel.bss
 *(.rel.bss)

.rela.bss
 *(.rela.bss)

.rel.plt
 *(.rel.plt)

.rela.plt
 *(.rela.plt)

.text           0x00000000      0xfc6
 *(.vectors)
 .vectors       0x00000000       0x54 d:/embedded course/sdk/imt_sdk_win_64/winavr/bin/../lib/gcc/avr/4.3.3/../../../../avr/lib/avr5/crtm32.o
                0x00000000                __vectors
                0x00000000                __vector_default
 *(.vectors)
 *(.progmem.gcc*)
 *(.progmem*)
                0x00000054                . = ALIGN (0x2)
                0x00000054                __trampolines_start = .
 *(.trampolines)
 .trampolines   0x00000054        0x0 linker stubs
 *(.trampolines*)
                0x00000054                __trampolines_end = .
 *(.jumptables)
 *(.jumptables*)
 *(.lowtext)
 *(.lowtext*)
                0x00000054                __ctors_start = .
 *(.ctors)
                0x00000054                __ctors_end = .
                0x00000054                __dtors_start = .
 *(.dtors)
                0x00000054                __dtors_end = .
 SORT(*)(.ctors)
 SORT(*)(.dtors)
 *(.init0)
 .init0         0x00000054        0x0 d:/embedded course/sdk/imt_sdk_win_64/winavr/bin/../lib/gcc/avr/4.3.3/../../../../avr/lib/avr5/crtm32.o
                0x00000054                __init
 *(.init0)
 *(.init1)
 *(.init1)
 *(.init2)
 .init2         0x00000054        0xc d:/embedded course/sdk/imt_sdk_win_64/winavr/bin/../lib/gcc/avr/4.3.3/../../../../avr/lib/avr5/crtm32.o
 *(.init2)
 *(.init3)
 *(.init3)
 *(.init4)
 .init4         0x00000060       0x16 d:/embedded course/sdk/imt_sdk_win_64/winavr/bin/../lib/gcc/avr/4.3.3/avr5\libgcc.a(_copy_data.o)
                0x00000060                __do_copy_data
 .init4         0x00000076       0x10 d:/embedded course/sdk/imt_sdk_win_64/winavr/bin/../lib/gcc/avr/4.3.3/avr5\libgcc.a(_clear_bss.o)
                0x00000076                __do_clear_bss
 *(.init4)
 *(.init5)
 *(.init5)
 *(.init6)
 *(.init6)
 *(.init7)
 *(.init7)
 *(.init8)
 *(.init8)
 *(.init9)
 .init9         0x00000086        0x8 d:/embedded course/sdk/imt_sdk_win_64/winavr/bin/../lib/gcc/avr/4.3.3/../../../../avr/lib/avr5/crtm32.o
 *(.init9)
 *(.text)
 .text          0x0000008e        0x4 d:/embedded course/sdk/imt_sdk_win_64/winavr/bin/../lib/gcc/avr/4.3.3/../../../../avr/lib/avr5/crtm32.o
                0x0000008e                __vector_1
                0x0000008e                __vector_12
                0x0000008e                __bad_interrupt
                0x0000008e                __vector_6
                0x0000008e                __vector_3
                0x0000008e                __vector_13
                0x0000008e                __vector_17
                0x0000008e                __vector_19
                0x0000008e                __vector_7
                0x0000008e                __vector_5
                0x0000008e                __vector_4
                0x0000008e                __vector_9
                0x0000008e                __vector_2
                0x0000008e                __vector_15
                0x0000008e                __vector_8
                0x0000008e                __vector_14
                0x0000008e                __vector_16
                0x0000008e                __vector_18
                0x0000008e                __vector_20
 .text          0x00000092        0x0 ./OS/OS_Program.o
 .text          0x00000092        0x0 ./MCAL/Timer/MTMR_Program.o
 .text          0x00000092        0x0 ./MCAL/General Interrupts/MGIE_Program.o
 .text          0x00000092        0x0 ./MCAL/DIO/MDIO_Program.o
 .text          0x00000092        0x0 ./main.o
 .text          0x00000092        0x0 d:/embedded course/sdk/imt_sdk_win_64/winavr/bin/../lib/gcc/avr/4.3.3/avr5\libgcc.a(_udivmodhi4.o)
 .text          0x00000092        0x0 d:/embedded course/sdk/imt_sdk_win_64/winavr/bin/../lib/gcc/avr/4.3.3/avr5\libgcc.a(_divmodhi4.o)
 .text          0x00000092        0x0 d:/embedded course/sdk/imt_sdk_win_64/winavr/bin/../lib/gcc/avr/4.3.3/avr5\libgcc.a(_exit.o)
 .text          0x00000092        0x0 d:/embedded course/sdk/imt_sdk_win_64/winavr/bin/../lib/gcc/avr/4.3.3/avr5\libgcc.a(_copy_data.o)
 .text          0x00000092        0x0 d:/embedded course/sdk/imt_sdk_win_64/winavr/bin/../lib/gcc/avr/4.3.3/avr5\libgcc.a(_clear_bss.o)
                0x00000092                . = ALIGN (0x2)
 *(.text.*)
 .text.OS_VOIDOSStart
                0x00000092       0x16 ./OS/OS_Program.o
                0x00000092                OS_VOIDOSStart
 .text.OS_VOIDCreateTask
                0x000000a8       0x62 ./OS/OS_Program.o
                0x000000a8                OS_VOIDCreateTask
 .text.OS_VOIDSchedular
                0x0000010a       0x7e ./OS/OS_Program.o
                0x0000010a                OS_VOIDSchedular
 .text.OS_VOIDAnimationFlag
                0x00000188       0x14 ./OS/OS_Program.o
                0x00000188                OS_VOIDAnimationFlag
 .text.OS_VOIDAnimation1_1
                0x0000019c       0x16 ./OS/OS_Program.o
                0x0000019c                OS_VOIDAnimation1_1
 .text.OS_VOIDAnimation1_2
                0x000001b2       0x16 ./OS/OS_Program.o
                0x000001b2                OS_VOIDAnimation1_2
 .text.OS_VOIDAnimation1_3
                0x000001c8       0x16 ./OS/OS_Program.o
                0x000001c8                OS_VOIDAnimation1_3
 .text.OS_VOIDAnimation1_4
                0x000001de       0x16 ./OS/OS_Program.o
                0x000001de                OS_VOIDAnimation1_4
 .text.OS_VOIDAnimation2_1
                0x000001f4       0x16 ./OS/OS_Program.o
                0x000001f4                OS_VOIDAnimation2_1
 .text.OS_VOIDAnimation2_2
                0x0000020a       0x16 ./OS/OS_Program.o
                0x0000020a                OS_VOIDAnimation2_2
 .text.OS_VOIDAnimation2_3
                0x00000220       0x16 ./OS/OS_Program.o
                0x00000220                OS_VOIDAnimation2_3
 .text.OS_VOIDAnimation2_4
                0x00000236       0x16 ./OS/OS_Program.o
                0x00000236                OS_VOIDAnimation2_4
 .text.OS_VOIDSegUp
                0x0000024c       0x62 ./OS/OS_Program.o
                0x0000024c                OS_VOIDSegUp
 .text.OS_VOIDSegDown
                0x000002ae       0x62 ./OS/OS_Program.o
                0x000002ae                OS_VOIDSegDown
 .text.OS_VOIDDoorChangePosition
                0x00000310       0x52 ./OS/OS_Program.o
                0x00000310                OS_VOIDDoorChangePosition
 .text.MTMR0_VOIDOVInitialization
                0x00000362       0x86 ./MCAL/Timer/MTMR_Program.o
                0x00000362                MTMR0_VOIDOVInitialization
 .text.MTMR0_VOIDCTCInit
                0x000003e8       0x86 ./MCAL/Timer/MTMR_Program.o
                0x000003e8                MTMR0_VOIDCTCInit
 .text.MTMR0_CTC_CallbackFunction
                0x0000046e       0x24 ./MCAL/Timer/MTMR_Program.o
                0x0000046e                MTMR0_CTC_CallbackFunction
 .text.MTMR0_VOIDFastPWMInit
                0x00000492       0x7e ./MCAL/Timer/MTMR_Program.o
                0x00000492                MTMR0_VOIDFastPWMInit
 .text.MTMR0_VOIDSetDutyCycle
                0x00000510       0x48 ./MCAL/Timer/MTMR_Program.o
                0x00000510                MTMR0_VOIDSetDutyCycle
 .text.MTMR1_VOIDOVInitialization
                0x00000558       0xb6 ./MCAL/Timer/MTMR_Program.o
                0x00000558                MTMR1_VOIDOVInitialization
 .text.__vector_11
                0x0000060e       0x76 ./MCAL/Timer/MTMR_Program.o
                0x0000060e                __vector_11
 .text.__vector_10
                0x00000684       0x5a ./MCAL/Timer/MTMR_Program.o
                0x00000684                __vector_10
 .text.MGIE_VOIDEnable
                0x000006de       0x1c ./MCAL/General Interrupts/MGIE_Program.o
                0x000006de                MGIE_VOIDEnable
 .text.MGIE_VOIDDisable
                0x000006fa       0x1c ./MCAL/General Interrupts/MGIE_Program.o
                0x000006fa                MGIE_VOIDDisable
 .text.MDIO_VOIDSetPinDirection
                0x00000716      0x200 ./MCAL/DIO/MDIO_Program.o
                0x00000716                MDIO_VOIDSetPinDirection
 .text.MDIO_U8GetPinValue
                0x00000916       0xf2 ./MCAL/DIO/MDIO_Program.o
                0x00000916                MDIO_U8GetPinValue
 .text.MDIO_VOIDSetPortValue
                0x00000a08       0x82 ./MCAL/DIO/MDIO_Program.o
                0x00000a08                MDIO_VOIDSetPortValue
 .text.MDIO_VOIDSetPinValue
                0x00000a8a      0x200 ./MCAL/DIO/MDIO_Program.o
                0x00000a8a                MDIO_VOIDSetPinValue
 .text.MDIO_VOIDTogglePinValue
                0x00000c8a       0xfa ./MCAL/DIO/MDIO_Program.o
                0x00000c8a                MDIO_VOIDTogglePinValue
 .text.MDIO_VOIDSetPortDirection
                0x00000d84       0x82 ./MCAL/DIO/MDIO_Program.o
                0x00000d84                MDIO_VOIDSetPortDirection
 .text.MDIO_U8GetPortValue
                0x00000e06       0x82 ./MCAL/DIO/MDIO_Program.o
                0x00000e06                MDIO_U8GetPortValue
 .text.main     0x00000e88       0xec ./main.o
                0x00000e88                main
 .text.libgcc   0x00000f74       0x28 d:/embedded course/sdk/imt_sdk_win_64/winavr/bin/../lib/gcc/avr/4.3.3/avr5\libgcc.a(_udivmodhi4.o)
                0x00000f74                __udivmodhi4
 .text.libgcc   0x00000f9c       0x26 d:/embedded course/sdk/imt_sdk_win_64/winavr/bin/../lib/gcc/avr/4.3.3/avr5\libgcc.a(_divmodhi4.o)
                0x00000f9c                __divmodhi4
                0x00000f9c                _div
 .text.libgcc   0x00000fc2        0x0 d:/embedded course/sdk/imt_sdk_win_64/winavr/bin/../lib/gcc/avr/4.3.3/avr5\libgcc.a(_exit.o)
 .text.libgcc   0x00000fc2        0x0 d:/embedded course/sdk/imt_sdk_win_64/winavr/bin/../lib/gcc/avr/4.3.3/avr5\libgcc.a(_copy_data.o)
 .text.libgcc   0x00000fc2        0x0 d:/embedded course/sdk/imt_sdk_win_64/winavr/bin/../lib/gcc/avr/4.3.3/avr5\libgcc.a(_clear_bss.o)
                0x00000fc2                . = ALIGN (0x2)
 *(.fini9)
 .fini9         0x00000fc2        0x0 d:/embedded course/sdk/imt_sdk_win_64/winavr/bin/../lib/gcc/avr/4.3.3/avr5\libgcc.a(_exit.o)
                0x00000fc2                exit
                0x00000fc2                _exit
 *(.fini9)
 *(.fini8)
 *(.fini8)
 *(.fini7)
 *(.fini7)
 *(.fini6)
 *(.fini6)
 *(.fini5)
 *(.fini5)
 *(.fini4)
 *(.fini4)
 *(.fini3)
 *(.fini3)
 *(.fini2)
 *(.fini2)
 *(.fini1)
 *(.fini1)
 *(.fini0)
 .fini0         0x00000fc2        0x4 d:/embedded course/sdk/imt_sdk_win_64/winavr/bin/../lib/gcc/avr/4.3.3/avr5\libgcc.a(_exit.o)
 *(.fini0)
                0x00000fc6                _etext = .

.data           0x00800060        0xc load address 0x00000fc6
                0x00800060                PROVIDE (__data_start, .)
 *(.data)
 .data          0x00800060        0x0 d:/embedded course/sdk/imt_sdk_win_64/winavr/bin/../lib/gcc/avr/4.3.3/../../../../avr/lib/avr5/crtm32.o
 .data          0x00800060        0x0 ./OS/OS_Program.o
 .data          0x00800060        0x0 ./MCAL/Timer/MTMR_Program.o
 .data          0x00800060        0x0 ./MCAL/General Interrupts/MGIE_Program.o
 .data          0x00800060        0x0 ./MCAL/DIO/MDIO_Program.o
 .data          0x00800060        0x0 ./main.o
 .data          0x00800060        0x0 d:/embedded course/sdk/imt_sdk_win_64/winavr/bin/../lib/gcc/avr/4.3.3/avr5\libgcc.a(_udivmodhi4.o)
 .data          0x00800060        0x0 d:/embedded course/sdk/imt_sdk_win_64/winavr/bin/../lib/gcc/avr/4.3.3/avr5\libgcc.a(_divmodhi4.o)
 .data          0x00800060        0x0 d:/embedded course/sdk/imt_sdk_win_64/winavr/bin/../lib/gcc/avr/4.3.3/avr5\libgcc.a(_exit.o)
 .data          0x00800060        0x0 d:/embedded course/sdk/imt_sdk_win_64/winavr/bin/../lib/gcc/avr/4.3.3/avr5\libgcc.a(_copy_data.o)
 .data          0x00800060        0x0 d:/embedded course/sdk/imt_sdk_win_64/winavr/bin/../lib/gcc/avr/4.3.3/avr5\libgcc.a(_clear_bss.o)
 *(.data*)
 .data.GLOB_U8Numbers
                0x00800060        0xa ./OS/OS_Program.o
                0x00800060                GLOB_U8Numbers
 .data.LOC_U8Counter2.1353
                0x0080006a        0x1 ./OS/OS_Program.o
 *(.rodata)
 *(.rodata*)
 *(.gnu.linkonce.d*)
                0x0080006c                . = ALIGN (0x2)
 *fill*         0x0080006b        0x1 00
                0x0080006c                _edata = .
                0x0080006c                PROVIDE (__data_end, .)

.bss            0x0080006c       0x34
                0x0080006c                PROVIDE (__bss_start, .)
 *(.bss)
 .bss           0x0080006c        0x0 d:/embedded course/sdk/imt_sdk_win_64/winavr/bin/../lib/gcc/avr/4.3.3/../../../../avr/lib/avr5/crtm32.o
 .bss           0x0080006c        0x0 ./OS/OS_Program.o
 .bss           0x0080006c        0x0 ./MCAL/Timer/MTMR_Program.o
 .bss           0x0080006c        0x0 ./MCAL/General Interrupts/MGIE_Program.o
 .bss           0x0080006c        0x0 ./MCAL/DIO/MDIO_Program.o
 .bss           0x0080006c        0x0 ./main.o
 .bss           0x0080006c        0x0 d:/embedded course/sdk/imt_sdk_win_64/winavr/bin/../lib/gcc/avr/4.3.3/avr5\libgcc.a(_udivmodhi4.o)
 .bss           0x0080006c        0x0 d:/embedded course/sdk/imt_sdk_win_64/winavr/bin/../lib/gcc/avr/4.3.3/avr5\libgcc.a(_divmodhi4.o)
 .bss           0x0080006c        0x0 d:/embedded course/sdk/imt_sdk_win_64/winavr/bin/../lib/gcc/avr/4.3.3/avr5\libgcc.a(_exit.o)
 .bss           0x0080006c        0x0 d:/embedded course/sdk/imt_sdk_win_64/winavr/bin/../lib/gcc/avr/4.3.3/avr5\libgcc.a(_copy_data.o)
 .bss           0x0080006c        0x0 d:/embedded course/sdk/imt_sdk_win_64/winavr/bin/../lib/gcc/avr/4.3.3/avr5\libgcc.a(_clear_bss.o)
 *(.bss*)
 .bss.GLOB_U16TickNum
                0x0080006c        0x2 ./OS/OS_Program.o
                0x0080006c                GLOB_U16TickNum
 .bss.GLOB_U8Flag
                0x0080006e        0x1 ./OS/OS_Program.o
                0x0080006e                GLOB_U8Flag
 .bss.LOC_U8Counter1.1336
                0x0080006f        0x1 ./OS/OS_Program.o
 .bss.LOC_U8Position.1370
                0x00800070        0x1 ./OS/OS_Program.o
 .bss.counter.1407
                0x00800071        0x1 ./MCAL/Timer/MTMR_Program.o
 .bss.GLOB_TMR0CTCCallBackPtr
                0x00800072        0x2 ./MCAL/Timer/MTMR_Program.o
 *(COMMON)
 COMMON         0x00800074       0x2c ./OS/OS_Program.o
                0x00800074                Tasks
                0x008000a0                PROVIDE (__bss_end, .)
                0x00000fc6                __data_load_start = LOADADDR (.data)
                0x00000fd2                __data_load_end = (__data_load_start + SIZEOF (.data))

.noinit         0x008000a0        0x0
                0x008000a0                PROVIDE (__noinit_start, .)
 *(.noinit*)
                0x008000a0                PROVIDE (__noinit_end, .)
                0x008000a0                _end = .
                0x008000a0                PROVIDE (__heap_start, .)

.eeprom         0x00810000        0x0
 *(.eeprom*)
                0x00810000                __eeprom_end = .

.fuse
 *(.fuse)
 *(.lfuse)
 *(.hfuse)
 *(.efuse)

.lock
 *(.lock*)

.signature
 *(.signature*)

.stab           0x00000000     0x15f0
 *(.stab)
 .stab          0x00000000      0x678 ./OS/OS_Program.o
 .stab          0x00000678      0x528 ./MCAL/Timer/MTMR_Program.o
                                0x534 (size before relaxing)
 .stab          0x00000ba0      0x1ec ./MCAL/General Interrupts/MGIE_Program.o
                                0x1f8 (size before relaxing)
 .stab          0x00000d8c      0x5e8 ./MCAL/DIO/MDIO_Program.o
                                0x5f4 (size before relaxing)
 .stab          0x00001374      0x27c ./main.o
                                0x288 (size before relaxing)

.stabstr        0x00000000      0xb3b
 *(.stabstr)
 .stabstr       0x00000000      0xb3b ./OS/OS_Program.o

.stab.excl
 *(.stab.excl)

.stab.exclstr
 *(.stab.exclstr)

.stab.index
 *(.stab.index)

.stab.indexstr
 *(.stab.indexstr)

.comment
 *(.comment)

.debug
 *(.debug)

.line
 *(.line)

.debug_srcinfo
 *(.debug_srcinfo)

.debug_sfnames
 *(.debug_sfnames)

.debug_aranges
 *(.debug_aranges)

.debug_pubnames
 *(.debug_pubnames)

.debug_info
 *(.debug_info)
 *(.gnu.linkonce.wi.*)

.debug_abbrev
 *(.debug_abbrev)

.debug_line
 *(.debug_line)

.debug_frame
 *(.debug_frame)

.debug_str
 *(.debug_str)

.debug_loc
 *(.debug_loc)

.debug_macinfo
 *(.debug_macinfo)
OUTPUT(RTOS.elf elf32-avr)
LOAD linker stubs
